------------------------------------------------------------
TimeQuest Timing Analyzer Summary
------------------------------------------------------------

Type  : Slow 1100mV 85C Model Setup 'CLOCK_50'
Slack : -48.450
TNS   : -1158.670

Type  : Slow 1100mV 85C Model Setup 'clk_audbck'
Slack : -8.006
TNS   : -43.583

Type  : Slow 1100mV 85C Model Setup 'altera_reserved_tck'
Slack : 10.807
TNS   : 0.000

Type  : Slow 1100mV 85C Model Hold 'clk_audbck'
Slack : 0.283
TNS   : 0.000

Type  : Slow 1100mV 85C Model Hold 'altera_reserved_tck'
Slack : 0.332
TNS   : 0.000

Type  : Slow 1100mV 85C Model Hold 'CLOCK_50'
Slack : 0.346
TNS   : 0.000

Type  : Slow 1100mV 85C Model Recovery 'clk_audbck'
Slack : -7.767
TNS   : -343.395

Type  : Slow 1100mV 85C Model Recovery 'CLOCK_50'
Slack : 9.338
TNS   : 0.000

Type  : Slow 1100mV 85C Model Recovery 'altera_reserved_tck'
Slack : 35.914
TNS   : 0.000

Type  : Slow 1100mV 85C Model Removal 'altera_reserved_tck'
Slack : 0.752
TNS   : 0.000

Type  : Slow 1100mV 85C Model Removal 'CLOCK_50'
Slack : 0.779
TNS   : 0.000

Type  : Slow 1100mV 85C Model Removal 'clk_audbck'
Slack : 1.326
TNS   : 0.000

Type  : Slow 1100mV 85C Model Minimum Pulse Width 'CLOCK_50'
Slack : 8.877
TNS   : 0.000

Type  : Slow 1100mV 85C Model Minimum Pulse Width 'altera_reserved_tck'
Slack : 18.752
TNS   : 0.000

Type  : Slow 1100mV 85C Model Minimum Pulse Width 'clk_audbck'
Slack : 140.084
TNS   : 0.000

Type  : Slow 1100mV 0C Model Setup 'CLOCK_50'
Slack : -50.284
TNS   : -1198.662

Type  : Slow 1100mV 0C Model Setup 'clk_audbck'
Slack : -7.773
TNS   : -42.082

Type  : Slow 1100mV 0C Model Setup 'altera_reserved_tck'
Slack : 10.882
TNS   : 0.000

Type  : Slow 1100mV 0C Model Hold 'clk_audbck'
Slack : 0.270
TNS   : 0.000

Type  : Slow 1100mV 0C Model Hold 'altera_reserved_tck'
Slack : 0.309
TNS   : 0.000

Type  : Slow 1100mV 0C Model Hold 'CLOCK_50'
Slack : 0.321
TNS   : 0.000

Type  : Slow 1100mV 0C Model Recovery 'clk_audbck'
Slack : -7.479
TNS   : -330.816

Type  : Slow 1100mV 0C Model Recovery 'CLOCK_50'
Slack : 9.833
TNS   : 0.000

Type  : Slow 1100mV 0C Model Recovery 'altera_reserved_tck'
Slack : 36.027
TNS   : 0.000

Type  : Slow 1100mV 0C Model Removal 'CLOCK_50'
Slack : 0.701
TNS   : 0.000

Type  : Slow 1100mV 0C Model Removal 'altera_reserved_tck'
Slack : 0.716
TNS   : 0.000

Type  : Slow 1100mV 0C Model Removal 'clk_audbck'
Slack : 1.150
TNS   : 0.000

Type  : Slow 1100mV 0C Model Minimum Pulse Width 'CLOCK_50'
Slack : 8.911
TNS   : 0.000

Type  : Slow 1100mV 0C Model Minimum Pulse Width 'altera_reserved_tck'
Slack : 18.760
TNS   : 0.000

Type  : Slow 1100mV 0C Model Minimum Pulse Width 'clk_audbck'
Slack : 140.084
TNS   : 0.000

Type  : Fast 1100mV 85C Model Setup 'CLOCK_50'
Slack : -17.879
TNS   : -242.888

Type  : Fast 1100mV 85C Model Setup 'clk_audbck'
Slack : -5.888
TNS   : -32.328

Type  : Fast 1100mV 85C Model Setup 'altera_reserved_tck'
Slack : 12.888
TNS   : 0.000

Type  : Fast 1100mV 85C Model Hold 'altera_reserved_tck'
Slack : 0.123
TNS   : 0.000

Type  : Fast 1100mV 85C Model Hold 'clk_audbck'
Slack : 0.164
TNS   : 0.000

Type  : Fast 1100mV 85C Model Hold 'CLOCK_50'
Slack : 0.177
TNS   : 0.000

Type  : Fast 1100mV 85C Model Recovery 'clk_audbck'
Slack : -5.702
TNS   : -237.949

Type  : Fast 1100mV 85C Model Recovery 'CLOCK_50'
Slack : 12.587
TNS   : 0.000

Type  : Fast 1100mV 85C Model Recovery 'altera_reserved_tck'
Slack : 37.363
TNS   : 0.000

Type  : Fast 1100mV 85C Model Removal 'altera_reserved_tck'
Slack : 0.365
TNS   : 0.000

Type  : Fast 1100mV 85C Model Removal 'CLOCK_50'
Slack : 0.440
TNS   : 0.000

Type  : Fast 1100mV 85C Model Removal 'clk_audbck'
Slack : 0.738
TNS   : 0.000

Type  : Fast 1100mV 85C Model Minimum Pulse Width 'CLOCK_50'
Slack : 8.478
TNS   : 0.000

Type  : Fast 1100mV 85C Model Minimum Pulse Width 'altera_reserved_tck'
Slack : 18.505
TNS   : 0.000

Type  : Fast 1100mV 85C Model Minimum Pulse Width 'clk_audbck'
Slack : 139.690
TNS   : 0.000

Type  : Fast 1100mV 0C Model Setup 'CLOCK_50'
Slack : -16.027
TNS   : -211.764

Type  : Fast 1100mV 0C Model Setup 'clk_audbck'
Slack : -5.121
TNS   : -27.967

Type  : Fast 1100mV 0C Model Setup 'altera_reserved_tck'
Slack : 13.011
TNS   : 0.000

Type  : Fast 1100mV 0C Model Hold 'altera_reserved_tck'
Slack : 0.103
TNS   : 0.000

Type  : Fast 1100mV 0C Model Hold 'clk_audbck'
Slack : 0.149
TNS   : 0.000

Type  : Fast 1100mV 0C Model Hold 'CLOCK_50'
Slack : 0.167
TNS   : 0.000

Type  : Fast 1100mV 0C Model Recovery 'clk_audbck'
Slack : -4.933
TNS   : -201.430

Type  : Fast 1100mV 0C Model Recovery 'CLOCK_50'
Slack : 13.546
TNS   : 0.000

Type  : Fast 1100mV 0C Model Recovery 'altera_reserved_tck'
Slack : 37.598
TNS   : 0.000

Type  : Fast 1100mV 0C Model Removal 'clk_audbck'
Slack : 0.305
TNS   : 0.000

Type  : Fast 1100mV 0C Model Removal 'altera_reserved_tck'
Slack : 0.306
TNS   : 0.000

Type  : Fast 1100mV 0C Model Removal 'CLOCK_50'
Slack : 0.379
TNS   : 0.000

Type  : Fast 1100mV 0C Model Minimum Pulse Width 'CLOCK_50'
Slack : 8.435
TNS   : 0.000

Type  : Fast 1100mV 0C Model Minimum Pulse Width 'altera_reserved_tck'
Slack : 18.511
TNS   : 0.000

Type  : Fast 1100mV 0C Model Minimum Pulse Width 'clk_audbck'
Slack : 139.647
TNS   : 0.000

------------------------------------------------------------
